2025-10-07 22:33:08,744 - __main__ - WARNING - Failed to import OSCR modules as package, trying direct import.
2025-10-07 22:33:08,744 - __main__ - INFO - PyInstaller bundle detected. Added C:\Users\Khaos\AppData\Local\Temp\_MEI169842\OSCR to sys.path.
2025-10-07 22:33:08,779 - __main__ - WARNING - Could not import OSCR modules: attempted relative import with no known parent package
2025-10-07 22:33:08,779 - __main__ - WARNING - Falling back to mock data mode.
2025-10-07 22:33:08,779 - __main__ - INFO - Performing health check.
2025-10-07 22:33:42,733 - __main__ - WARNING - Failed to import OSCR modules as package, trying direct import.
2025-10-07 22:33:42,733 - __main__ - INFO - PyInstaller bundle detected. Added C:\Users\Khaos\AppData\Local\Temp\_MEI195722\OSCR to sys.path.
2025-10-07 22:33:42,773 - __main__ - WARNING - Could not import OSCR modules: attempted relative import with no known parent package
2025-10-07 22:33:42,773 - __main__ - WARNING - Falling back to mock data mode.
2025-10-07 22:33:42,773 - __main__ - INFO - Getting available combats for: test_combat.log
2025-10-07 22:33:42,773 - __main__ - WARNING - OSCR not available, using mock data
2025-10-07 22:34:23,104 - __main__ - WARNING - Failed to import OSCR modules as package, trying direct import.
2025-10-07 22:34:23,104 - __main__ - INFO - PyInstaller bundle detected. Added C:\Users\Khaos\AppData\Local\Temp\_MEI138362\OSCR to sys.path.
2025-10-07 22:34:23,139 - __main__ - WARNING - Could not import OSCR modules: attempted relative import with no known parent package
2025-10-07 22:34:23,140 - __main__ - WARNING - Falling back to mock data mode.
2025-10-07 22:34:29,058 - __main__ - WARNING - Failed to import OSCR modules as package, trying direct import.
2025-10-07 22:34:29,058 - __main__ - INFO - PyInstaller bundle detected. Added C:\Users\Khaos\AppData\Local\Temp\_MEI351362\OSCR to sys.path.
2025-10-07 22:34:29,094 - __main__ - WARNING - Could not import OSCR modules: attempted relative import with no known parent package
2025-10-07 22:34:29,094 - __main__ - WARNING - Falling back to mock data mode.
2025-10-07 22:34:29,094 - __main__ - INFO - Getting available combats for: ../../combatlog.log
2025-10-07 22:34:29,094 - __main__ - WARNING - OSCR not available, using mock data
2025-10-07 22:38:36,361 - __main__ - WARNING - Failed to import OSCR modules as package, trying direct import.
2025-10-07 22:38:36,361 - __main__ - INFO - PyInstaller bundle detected. Added C:\Users\Khaos\AppData\Local\Temp\_MEI194722\OSCR to sys.path.
2025-10-07 22:38:36,397 - __main__ - WARNING - Could not import OSCR modules: attempted relative import with no known parent package
2025-10-07 22:38:36,397 - __main__ - WARNING - Falling back to mock data mode.
2025-10-07 22:38:36,398 - __main__ - INFO - Performing health check.
2025-10-07 22:38:42,711 - __main__ - WARNING - Failed to import OSCR modules as package, trying direct import.
2025-10-07 22:38:42,711 - __main__ - INFO - PyInstaller bundle detected. Added C:\Users\Khaos\AppData\Local\Temp\_MEI240282\OSCR to sys.path.
2025-10-07 22:38:42,746 - __main__ - WARNING - Could not import OSCR modules: attempted relative import with no known parent package
2025-10-07 22:38:42,746 - __main__ - WARNING - Falling back to mock data mode.
2025-10-07 22:38:42,746 - __main__ - INFO - Getting available combats for: ../../combatlog.log
2025-10-07 22:38:42,746 - __main__ - WARNING - OSCR not available, using mock data
2025-10-07 22:42:19,667 - __main__ - WARNING - Failed to import OSCR modules as package, trying direct import.
2025-10-07 22:42:19,667 - __main__ - INFO - PyInstaller bundle detected. Added C:\Users\Khaos\AppData\Local\Temp\_MEI124282\OSCR to sys.path.
2025-10-07 22:42:19,703 - __main__ - WARNING - Could not import OSCR modules: attempted relative import with no known parent package
2025-10-07 22:42:19,703 - __main__ - WARNING - Falling back to mock data mode.
2025-10-07 22:42:19,703 - __main__ - INFO - Performing health check.
2025-10-07 22:42:19,860 - __main__ - WARNING - Failed to import OSCR modules as package, trying direct import.
2025-10-07 22:42:19,860 - __main__ - INFO - PyInstaller bundle detected. Added C:\Users\Khaos\AppData\Local\Temp\_MEI105282\OSCR to sys.path.
2025-10-07 22:42:19,895 - __main__ - WARNING - Could not import OSCR modules: attempted relative import with no known parent package
2025-10-07 22:42:19,896 - __main__ - WARNING - Falling back to mock data mode.
2025-10-07 22:42:19,896 - __main__ - INFO - Performing health check.
2025-10-07 22:42:35,124 - __main__ - WARNING - Failed to import OSCR modules as package, trying direct import.
2025-10-07 22:42:35,124 - __main__ - INFO - PyInstaller bundle detected. Added C:\Users\Khaos\AppData\Local\Temp\_MEI96722\OSCR to sys.path.
2025-10-07 22:42:35,160 - __main__ - WARNING - Could not import OSCR modules: attempted relative import with no known parent package
2025-10-07 22:42:35,160 - __main__ - WARNING - Falling back to mock data mode.
2025-10-07 22:42:35,160 - __main__ - INFO - Performing health check.
2025-10-07 22:42:37,495 - __main__ - WARNING - Failed to import OSCR modules as package, trying direct import.
2025-10-07 22:42:37,495 - __main__ - INFO - PyInstaller bundle detected. Added C:\Users\Khaos\AppData\Local\Temp\_MEI257882\OSCR to sys.path.
2025-10-07 22:42:37,528 - __main__ - WARNING - Could not import OSCR modules: attempted relative import with no known parent package
2025-10-07 22:42:37,528 - __main__ - WARNING - Falling back to mock data mode.
2025-10-07 22:42:37,528 - __main__ - INFO - Getting available combats for: G:\SteamLibrary\steamapps\common\Star Trek Online\Star Trek Online\Live\logs\GameClient\combatlog.log
2025-10-07 22:42:37,528 - __main__ - WARNING - OSCR not available, using mock data
2025-10-07 22:42:43,495 - __main__ - WARNING - Failed to import OSCR modules as package, trying direct import.
2025-10-07 22:42:43,495 - __main__ - INFO - PyInstaller bundle detected. Added C:\Users\Khaos\AppData\Local\Temp\_MEI302002\OSCR to sys.path.
2025-10-07 22:42:43,528 - __main__ - WARNING - Could not import OSCR modules: attempted relative import with no known parent package
2025-10-07 22:42:43,529 - __main__ - WARNING - Falling back to mock data mode.
2025-10-07 22:42:43,529 - __main__ - INFO - Starting combat log analysis for: G:\SteamLibrary\steamapps\common\Star Trek Online\Star Trek Online\Live\logs\GameClient\combatlog.log
2025-10-07 22:42:43,529 - __main__ - WARNING - OSCR not available, using mock data
